
> sabha-frontend@0.0.0 build
> ng build

node.exe : Node.js version v25.9.0 detected.
At line:1 char:1
+ & "C:\Program Files\nodejs/node.exe" 
"C:\Program Files\nodejs/node_mo ...
+ ~~~~~~~~~~~~~~~~~~~~~~~~~~~~~~~~~~~~~~~~~~
~~~~~~~~~~~~~~~~~~~~~~~~~~~
    + CategoryInfo          : NotSpecified: 
    (Node.js version v25.9.0 detected.:Str  
  ing) [], RemoteException
    + FullyQualifiedErrorId : NativeCommand 
   Error
 
Odd numbered Node.js versions will not 
enter LTS status and should not be used for 
production. For more information, please 
see https://nodejs.org/en/about/previous-rel
eases/.
- Building...

Initial chunk files   | Names         |  Raw size | Estimated transfer size
main-3EQIG4WN.js      | main          | 576.45 kB |               133.89 kB
polyfills-FFHMD2TL.js | polyfills     |  33.71 kB |                11.02 kB
styles-F7IIFSK4.css   | styles        |  10.35 kB |                 2.42 kB

                      | Initial total | 620.52 kB |               147.32 kB

Output location: E:\Mahesh\Project\RanaMandal\Frontend\dist\sabha-frontend

Application bundle generation complete. [8.112 seconds]

Γû▓ [WARNING] bundle initial exceeded 
maximum budget. Budget 500.00 kB was not 
met by 120.52 kB with a total of 620.52 kB.


